src/components/admin/AdminLayout.tsx(108,14): error TS2739: Type '{ isCollapsed: boolean; setCollapsed: Dispatch<SetStateAction<boolean>>; }' is missing the following properties from type 'SidebarProps': isMobileOpen, onMobileClose
src/components/admin/CreateAdminModal.tsx(3,35): error TS5097: An import path can only end with a '.ts' extension when 'allowImportingTsExtensions' is enabled.
src/components/admin/EditProfileModal.tsx(4,28): error TS5097: An import path can only end with a '.tsx' extension when 'allowImportingTsExtensions' is enabled.
src/components/admin/TaskWidget.tsx(2,18): error TS5097: An import path can only end with a '.tsx' extension when 'allowImportingTsExtensions' is enabled.
src/components/AnimatedSection.tsx(2,41): error TS5097: An import path can only end with a '.ts' extension when 'allowImportingTsExtensions' is enabled.
src/components/CalculatorForm.tsx(2,58): error TS5097: An import path can only end with a '.ts' extension when 'allowImportingTsExtensions' is enabled.
src/components/CalculatorForm.tsx(3,99): error TS5097: An import path can only end with a '.ts' extension when 'allowImportingTsExtensions' is enabled.
src/components/CalculatorForm.tsx(4,41): error TS5097: An import path can only end with a '.ts' extension when 'allowImportingTsExtensions' is enabled.
src/components/CalculatorForm.tsx(5,28): error TS5097: An import path can only end with a '.tsx' extension when 'allowImportingTsExtensions' is enabled.
src/components/HeroSection.tsx(6,21): error TS5097: An import path can only end with a '.tsx' extension when 'allowImportingTsExtensions' is enabled.
src/components/HeroSection.tsx(7,51): error TS5097: An import path can only end with a '.tsx' extension when 'allowImportingTsExtensions' is enabled.
src/components/HeroSection.tsx(8,31): error TS5097: An import path can only end with a '.ts' extension when 'allowImportingTsExtensions' is enabled.
src/components/ScrollytellingSection.tsx(2,41): error TS5097: An import path can only end with a '.ts' extension when 'allowImportingTsExtensions' is enabled.
src/components/TimelineSection.tsx(3,29): error TS5097: An import path can only end with a '.tsx' extension when 'allowImportingTsExtensions' is enabled.
src/pages/admin/AdminLayout.tsx(3,21): error TS5097: An import path can only end with a '.tsx' extension when 'allowImportingTsExtensions' is enabled.
src/pages/admin/AdminLayout.tsx(4,25): error TS5097: An import path can only end with a '.tsx' extension when 'allowImportingTsExtensions' is enabled.
src/pages/admin/AdminLayout.tsx(5,31): error TS5097: An import path can only end with a '.tsx' extension when 'allowImportingTsExtensions' is enabled.
src/pages/admin/AdminLayout.tsx(6,19): error TS5097: An import path can only end with a '.tsx' extension when 'allowImportingTsExtensions' is enabled.
src/pages/admin/AdminLayout.tsx(7,25): error TS5097: An import path can only end with a '.tsx' extension when 'allowImportingTsExtensions' is enabled.
src/pages/admin/AdminManagementPage.tsx(2,33): error TS5097: An import path can only end with a '.ts' extension when 'allowImportingTsExtensions' is enabled.
src/pages/admin/AdminManagementPage.tsx(4,18): error TS5097: An import path can only end with a '.tsx' extension when 'allowImportingTsExtensions' is enabled.
src/pages/admin/AdminManagementPage.tsx(5,28): error TS5097: An import path can only end with a '.tsx' extension when 'allowImportingTsExtensions' is enabled.
src/pages/admin/AdminManagementPage.tsx(6,30): error TS5097: An import path can only end with a '.tsx' extension when 'allowImportingTsExtensions' is enabled.
src/pages/admin/AdminManagementPage.tsx(7,41): error TS5097: An import path can only end with a '.tsx' extension when 'allowImportingTsExtensions' is enabled.
src/pages/admin/AdminManagementPage.tsx(8,25): error TS5097: An import path can only end with a '.tsx' extension when 'allowImportingTsExtensions' is enabled.
src/pages/admin/DashboardPage.tsx(4,22): error TS5097: An import path can only end with a '.tsx' extension when 'allowImportingTsExtensions' is enabled.
src/pages/admin/DashboardPage.tsx(5,31): error TS5097: An import path can only end with a '.tsx' extension when 'allowImportingTsExtensions' is enabled.
src/pages/admin/DashboardPage.tsx(6,18): error TS5097: An import path can only end with a '.tsx' extension when 'allowImportingTsExtensions' is enabled.
src/pages/admin/DashboardPage.tsx(7,31): error TS5097: An import path can only end with a '.tsx' extension when 'allowImportingTsExtensions' is enabled.
src/pages/admin/DashboardPage.tsx(8,26): error TS5097: An import path can only end with a '.tsx' extension when 'allowImportingTsExtensions' is enabled.
src/pages/admin/DashboardPage.tsx(9,29): error TS5097: An import path can only end with a '.tsx' extension when 'allowImportingTsExtensions' is enabled.
src/pages/admin/DashboardPage.tsx(10,24): error TS5097: An import path can only end with a '.tsx' extension when 'allowImportingTsExtensions' is enabled.
src/pages/admin/DashboardPage.tsx(11,28): error TS5097: An import path can only end with a '.tsx' extension when 'allowImportingTsExtensions' is enabled.
src/pages/admin/DashboardPage.tsx(12,25): error TS5097: An import path can only end with a '.tsx' extension when 'allowImportingTsExtensions' is enabled.
src/pages/admin/DataExplorerPage.tsx(7,18): error TS5097: An import path can only end with a '.tsx' extension when 'allowImportingTsExtensions' is enabled.
src/pages/admin/DataExplorerPage.tsx(8,30): error TS5097: An import path can only end with a '.tsx' extension when 'allowImportingTsExtensions' is enabled.
src/pages/admin/DataExplorerPage.tsx(9,31): error TS5097: An import path can only end with a '.tsx' extension when 'allowImportingTsExtensions' is enabled.
src/pages/admin/DataExplorerPage.tsx(103,21): error TS18049: 'aValue' is possibly 'null' or 'undefined'.
src/pages/admin/DataExplorerPage.tsx(103,30): error TS18049: 'bValue' is possibly 'null' or 'undefined'.
src/pages/admin/DataExplorerPage.tsx(106,21): error TS18049: 'aValue' is possibly 'null' or 'undefined'.
src/pages/admin/DataExplorerPage.tsx(106,30): error TS18049: 'bValue' is possibly 'null' or 'undefined'.
src/pages/admin/FormBuilderPage.tsx(5,28): error TS5097: An import path can only end with a '.tsx' extension when 'allowImportingTsExtensions' is enabled.
src/pages/admin/FormBuilderPage.tsx(6,18): error TS5097: An import path can only end with a '.tsx' extension when 'allowImportingTsExtensions' is enabled.
src/pages/admin/LeadDetailPage.tsx(6,29): error TS5097: An import path can only end with a '.tsx' extension when 'allowImportingTsExtensions' is enabled.
src/pages/admin/LeadDetailPage.tsx(7,25): error TS5097: An import path can only end with a '.tsx' extension when 'allowImportingTsExtensions' is enabled.
src/pages/admin/LeadDetailPage.tsx(8,18): error TS5097: An import path can only end with a '.tsx' extension when 'allowImportingTsExtensions' is enabled.
src/pages/admin/LeadDetailPage.tsx(10,31): error TS5097: An import path can only end with a '.tsx' extension when 'allowImportingTsExtensions' is enabled.
src/pages/admin/LeadDetailPage.tsx(11,37): error TS5097: An import path can only end with a '.tsx' extension when 'allowImportingTsExtensions' is enabled.
src/pages/admin/UserProfilePage.tsx(2,25): error TS5097: An import path can only end with a '.tsx' extension when 'allowImportingTsExtensions' is enabled.
src/pages/admin/UserProfilePage.tsx(3,18): error TS5097: An import path can only end with a '.tsx' extension when 'allowImportingTsExtensions' is enabled.
src/pages/admin/UserProfilePage.tsx(4,30): error TS5097: An import path can only end with a '.tsx' extension when 'allowImportingTsExtensions' is enabled.
src/pages/admin/VendorManagementPage.tsx(5,18): error TS5097: An import path can only end with a '.tsx' extension when 'allowImportingTsExtensions' is enabled.
src/pages/admin/VendorManagementPage.tsx(6,28): error TS5097: An import path can only end with a '.tsx' extension when 'allowImportingTsExtensions' is enabled.
src/pages/admin/VendorManagementPage.tsx(7,41): error TS5097: An import path can only end with a '.tsx' extension when 'allowImportingTsExtensions' is enabled.
src/pages/CalculatorPage.tsx(4,28): error TS5097: An import path can only end with a '.tsx' extension when 'allowImportingTsExtensions' is enabled.
src/pages/CalculatorPage.tsx(5,35): error TS5097: An import path can only end with a '.tsx' extension when 'allowImportingTsExtensions' is enabled.
src/pages/CalculatorPage.tsx(6,32): error TS5097: An import path can only end with a '.ts' extension when 'allowImportingTsExtensions' is enabled.
src/pages/ForgotPasswordPage.tsx(6,27): error TS5097: An import path can only end with a '.tsx' extension when 'allowImportingTsExtensions' is enabled.
src/pages/HomePage.tsx(5,33): error TS5097: An import path can only end with a '.tsx' extension when 'allowImportingTsExtensions' is enabled.
src/pages/HomePage.tsx(6,29): error TS5097: An import path can only end with a '.tsx' extension when 'allowImportingTsExtensions' is enabled.
src/pages/HomePage.tsx(7,25): error TS5097: An import path can only end with a '.tsx' extension when 'allowImportingTsExtensions' is enabled.
src/pages/HomePage.tsx(8,17): error TS5097: An import path can only end with a '.tsx' extension when 'allowImportingTsExtensions' is enabled.
src/pages/HomePage.tsx(9,26): error TS5097: An import path can only end with a '.tsx' extension when 'allowImportingTsExtensions' is enabled.
src/pages/HomePage.tsx(10,20): error TS5097: An import path can only end with a '.tsx' extension when 'allowImportingTsExtensions' is enabled.
src/pages/HomePage.tsx(11,29): error TS5097: An import path can only end with a '.tsx' extension when 'allowImportingTsExtensions' is enabled.
src/pages/LoginPage.tsx(3,25): error TS5097: An import path can only end with a '.tsx' extension when 'allowImportingTsExtensions' is enabled.
src/pages/LoginPage.tsx(5,28): error TS5097: An import path can only end with a '.tsx' extension when 'allowImportingTsExtensions' is enabled.
src/pages/LoginPage.tsx(6,27): error TS5097: An import path can only end with a '.tsx' extension when 'allowImportingTsExtensions' is enabled.
src/pages/MainLayout.tsx(4,20): error TS5097: An import path can only end with a '.tsx' extension when 'allowImportingTsExtensions' is enabled.
src/pages/MainLayout.tsx(5,20): error TS5097: An import path can only end with a '.tsx' extension when 'allowImportingTsExtensions' is enabled.
src/pages/MainLayout.tsx(6,25): error TS5097: An import path can only end with a '.tsx' extension when 'allowImportingTsExtensions' is enabled.
src/pages/MainLayout.tsx(7,33): error TS5097: An import path can only end with a '.tsx' extension when 'allowImportingTsExtensions' is enabled.
src/pages/ResetPasswordPage.tsx(6,27): error TS5097: An import path can only end with a '.tsx' extension when 'allowImportingTsExtensions' is enabled.
src/pages/RooftopSolarPage.tsx(4,29): error TS5097: An import path can only end with a '.tsx' extension when 'allowImportingTsExtensions' is enabled.
src/pages/SolarPumpsPage.tsx(4,29): error TS5097: An import path can only end with a '.tsx' extension when 'allowImportingTsExtensions' is enabled.
src/pages/SuccessStoriesPage.tsx(4,33): error TS5097: An import path can only end with a '.tsx' extension when 'allowImportingTsExtensions' is enabled.
src/pages/SuccessStoriesPage.tsx(5,44): error TS5097: An import path can only end with a '.ts' extension when 'allowImportingTsExtensions' is enabled.
src/pages/SuccessStoriesPage.tsx(6,29): error TS5097: An import path can only end with a '.tsx' extension when 'allowImportingTsExtensions' is enabled.
src/service/adminService.ts(47,7): error TS2322: Type '{ "Content-Type": string; Authorization?: undefined; } | { "Content-Type": string; Authorization: string; }' is not assignable to type 'HeadersInit | undefined'.
  Type '{ "Content-Type": string; Authorization?: undefined; }' is not assignable to type 'HeadersInit | undefined'.
    Type '{ "Content-Type": string; Authorization?: undefined; }' is not assignable to type 'Record<string, string>'.
      Property 'Authorization' is incompatible with index signature.
        Type 'undefined' is not assignable to type 'string'.
src/service/adminService.ts(67,7): error TS2322: Type '{ "Content-Type": string; Authorization?: undefined; } | { "Content-Type": string; Authorization: string; }' is not assignable to type 'HeadersInit | undefined'.
  Type '{ "Content-Type": string; Authorization?: undefined; }' is not assignable to type 'HeadersInit | undefined'.
    Type '{ "Content-Type": string; Authorization?: undefined; }' is not assignable to type 'Record<string, string>'.
      Property 'Authorization' is incompatible with index signature.
        Type 'undefined' is not assignable to type 'string'.
src/service/adminService.ts(76,5): error TS2322: Type '{ "Content-Type": string; Authorization?: undefined; } | { "Content-Type": string; Authorization: string; }' is not assignable to type 'HeadersInit | undefined'.
  Type '{ "Content-Type": string; Authorization?: undefined; }' is not assignable to type 'HeadersInit | undefined'.
    Type '{ "Content-Type": string; Authorization?: undefined; }' is not assignable to type 'Record<string, string>'.
      Property 'Authorization' is incompatible with index signature.
        Type 'undefined' is not assignable to type 'string'.
src/service/adminService.ts(83,5): error TS2322: Type '{ "Content-Type": string; Authorization?: undefined; } | { "Content-Type": string; Authorization: string; }' is not assignable to type 'HeadersInit | undefined'.
  Type '{ "Content-Type": string; Authorization?: undefined; }' is not assignable to type 'HeadersInit | undefined'.
    Type '{ "Content-Type": string; Authorization?: undefined; }' is not assignable to type 'Record<string, string>'.
      Property 'Authorization' is incompatible with index signature.
        Type 'undefined' is not assignable to type 'string'.
src/service/adminService.ts(91,5): error TS2322: Type '{ "Content-Type": string; Authorization?: undefined; } | { "Content-Type": string; Authorization: string; }' is not assignable to type 'HeadersInit | undefined'.
  Type '{ "Content-Type": string; Authorization?: undefined; }' is not assignable to type 'HeadersInit | undefined'.
    Type '{ "Content-Type": string; Authorization?: undefined; }' is not assignable to type 'Record<string, string>'.
      Property 'Authorization' is incompatible with index signature.
        Type 'undefined' is not assignable to type 'string'.
src/service/adminService.ts(100,5): error TS2322: Type '{ "Content-Type": string; Authorization?: undefined; } | { "Content-Type": string; Authorization: string; }' is not assignable to type 'HeadersInit | undefined'.
  Type '{ "Content-Type": string; Authorization?: undefined; }' is not assignable to type 'HeadersInit | undefined'.
    Type '{ "Content-Type": string; Authorization?: undefined; }' is not assignable to type 'Record<string, string>'.
      Property 'Authorization' is incompatible with index signature.
        Type 'undefined' is not assignable to type 'string'.
src/service/adminService.ts(110,7): error TS2322: Type '{ "Content-Type": string; Authorization?: undefined; } | { "Content-Type": string; Authorization: string; }' is not assignable to type 'HeadersInit | undefined'.
  Type '{ "Content-Type": string; Authorization?: undefined; }' is not assignable to type 'HeadersInit | undefined'.
    Type '{ "Content-Type": string; Authorization?: undefined; }' is not assignable to type 'Record<string, string>'.
      Property 'Authorization' is incompatible with index signature.
        Type 'undefined' is not assignable to type 'string'.
src/service/adminService.ts(122,7): error TS2322: Type '{ "Content-Type": string; Authorization?: undefined; } | { "Content-Type": string; Authorization: string; }' is not assignable to type 'HeadersInit | undefined'.
  Type '{ "Content-Type": string; Authorization?: undefined; }' is not assignable to type 'HeadersInit | undefined'.
    Type '{ "Content-Type": string; Authorization?: undefined; }' is not assignable to type 'Record<string, string>'.
      Property 'Authorization' is incompatible with index signature.
        Type 'undefined' is not assignable to type 'string'.
src/service/adminService.ts(151,5): error TS2322: Type '{ "Content-Type": string; Authorization?: undefined; } | { "Content-Type": string; Authorization: string; }' is not assignable to type 'HeadersInit | undefined'.
  Type '{ "Content-Type": string; Authorization?: undefined; }' is not assignable to type 'HeadersInit | undefined'.
    Type '{ "Content-Type": string; Authorization?: undefined; }' is not assignable to type 'Record<string, string>'.
      Property 'Authorization' is incompatible with index signature.
        Type 'undefined' is not assignable to type 'string'.
src/service/adminService.ts(170,5): error TS2322: Type '{ "Content-Type": string; Authorization?: undefined; } | { "Content-Type": string; Authorization: string; }' is not assignable to type 'HeadersInit | undefined'.
  Type '{ "Content-Type": string; Authorization?: undefined; }' is not assignable to type 'HeadersInit | undefined'.
    Type '{ "Content-Type": string; Authorization?: undefined; }' is not assignable to type 'Record<string, string>'.
      Property 'Authorization' is incompatible with index signature.
        Type 'undefined' is not assignable to type 'string'.
src/service/adminService.ts(178,5): error TS2322: Type '{ "Content-Type": string; Authorization?: undefined; } | { "Content-Type": string; Authorization: string; }' is not assignable to type 'HeadersInit | undefined'.
  Type '{ "Content-Type": string; Authorization?: undefined; }' is not assignable to type 'HeadersInit | undefined'.
    Type '{ "Content-Type": string; Authorization?: undefined; }' is not assignable to type 'Record<string, string>'.
      Property 'Authorization' is incompatible with index signature.
        Type 'undefined' is not assignable to type 'string'.
src/service/adminService.ts(187,5): error TS2322: Type '{ "Content-Type": string; Authorization?: undefined; } | { "Content-Type": string; Authorization: string; }' is not assignable to type 'HeadersInit | undefined'.
  Type '{ "Content-Type": string; Authorization?: undefined; }' is not assignable to type 'HeadersInit | undefined'.
    Type '{ "Content-Type": string; Authorization?: undefined; }' is not assignable to type 'Record<string, string>'.
      Property 'Authorization' is incompatible with index signature.
        Type 'undefined' is not assignable to type 'string'.
src/service/adminService.ts(195,5): error TS2322: Type '{ "Content-Type": string; Authorization?: undefined; } | { "Content-Type": string; Authorization: string; }' is not assignable to type 'HeadersInit | undefined'.
  Type '{ "Content-Type": string; Authorization?: undefined; }' is not assignable to type 'HeadersInit | undefined'.
    Type '{ "Content-Type": string; Authorization?: undefined; }' is not assignable to type 'Record<string, string>'.
      Property 'Authorization' is incompatible with index signature.
        Type 'undefined' is not assignable to type 'string'.
src/service/adminService.ts(209,7): error TS2322: Type '{ "Content-Type": string; Authorization?: undefined; } | { "Content-Type": string; Authorization: string; }' is not assignable to type 'HeadersInit | undefined'.
  Type '{ "Content-Type": string; Authorization?: undefined; }' is not assignable to type 'HeadersInit | undefined'.
    Type '{ "Content-Type": string; Authorization?: undefined; }' is not assignable to type 'Record<string, string>'.
      Property 'Authorization' is incompatible with index signature.
        Type 'undefined' is not assignable to type 'string'.
src/service/adminService.ts(224,7): error TS2322: Type '{ "Content-Type": string; Authorization?: undefined; } | { "Content-Type": string; Authorization: string; }' is not assignable to type 'HeadersInit | undefined'.
  Type '{ "Content-Type": string; Authorization?: undefined; }' is not assignable to type 'HeadersInit | undefined'.
    Type '{ "Content-Type": string; Authorization?: undefined; }' is not assignable to type 'Record<string, string>'.
      Property 'Authorization' is incompatible with index signature.
        Type 'undefined' is not assignable to type 'string'.
src/service/adminService.ts(281,5): error TS2322: Type '{ "Content-Type": string; Authorization?: undefined; } | { "Content-Type": string; Authorization: string; }' is not assignable to type 'HeadersInit | undefined'.
  Type '{ "Content-Type": string; Authorization?: undefined; }' is not assignable to type 'HeadersInit | undefined'.
    Type '{ "Content-Type": string; Authorization?: undefined; }' is not assignable to type 'Record<string, string>'.
      Property 'Authorization' is incompatible with index signature.
        Type 'undefined' is not assignable to type 'string'.
src/service/adminService.ts(290,5): error TS2322: Type '{ "Content-Type": string; Authorization?: undefined; } | { "Content-Type": string; Authorization: string; }' is not assignable to type 'HeadersInit | undefined'.
  Type '{ "Content-Type": string; Authorization?: undefined; }' is not assignable to type 'HeadersInit | undefined'.
    Type '{ "Content-Type": string; Authorization?: undefined; }' is not assignable to type 'Record<string, string>'.
      Property 'Authorization' is incompatible with index signature.
        Type 'undefined' is not assignable to type 'string'.
src/service/adminService.ts(298,5): error TS2322: Type '{ "Content-Type": string; Authorization?: undefined; } | { "Content-Type": string; Authorization: string; }' is not assignable to type 'HeadersInit | undefined'.
  Type '{ "Content-Type": string; Authorization?: undefined; }' is not assignable to type 'HeadersInit | undefined'.
    Type '{ "Content-Type": string; Authorization?: undefined; }' is not assignable to type 'Record<string, string>'.
      Property 'Authorization' is incompatible with index signature.
        Type 'undefined' is not assignable to type 'string'.
src/service/adminService.ts(306,5): error TS2322: Type '{ "Content-Type": string; Authorization?: undefined; } | { "Content-Type": string; Authorization: string; }' is not assignable to type 'HeadersInit | undefined'.
  Type '{ "Content-Type": string; Authorization?: undefined; }' is not assignable to type 'HeadersInit | undefined'.
    Type '{ "Content-Type": string; Authorization?: undefined; }' is not assignable to type 'Record<string, string>'.
      Property 'Authorization' is incompatible with index signature.
        Type 'undefined' is not assignable to type 'string'.
